AR rf behavioral "C:/Documents and Settings/Administrador/Mis documentos/Arquitectura/procesador4/Procesador4/RF.vhd" sub00/vhpl13 1508864465
AR uc behavioral "C:/Documents and Settings/Administrador/Mis documentos/Arquitectura/procesador4/Procesador4/UC.vhd" sub00/vhpl09 1508864461
EN psr NULL "C:/Documents and Settings/Administrador/Mis documentos/Arquitectura/procesador4/Procesador4/PSR.vhd" sub00/vhpl22 1508864474
EN seu NULL "C:/Documents and Settings/Administrador/Mis documentos/Arquitectura/procesador4/Procesador4/SEU.vhd" sub00/vhpl10 1508864462
AR alu behavioral "C:/Documents and Settings/Administrador/Mis documentos/Arquitectura/procesador4/Procesador4/ALU.vhd" sub00/vhpl19 1508864471
AR mux behavioral "C:/Documents and Settings/Administrador/Mis documentos/Arquitectura/procesador4/Procesador4/MUX.vhd" sub00/vhpl17 1508864469
EN im NULL "C:/Documents and Settings/Administrador/Mis documentos/Arquitectura/procesador4/Procesador4/IM.vhd" sub00/vhpl06 1508864458
AR im behavioral "C:/Documents and Settings/Administrador/Mis documentos/Arquitectura/procesador4/Procesador4/IM.vhd" sub00/vhpl07 1508864459
AR wm behavioral "C:/Documents and Settings/Administrador/Mis documentos/Arquitectura/procesador4/Procesador4/WM.vhd" sub00/vhpl15 1508864467
EN pc NULL "C:/Documents and Settings/Administrador/Mis documentos/Arquitectura/procesador4/Procesador4/PC.vhd" sub00/vhpl00 1508864456
AR sumador behavioral "C:/Documents and Settings/Administrador/Mis documentos/Arquitectura/procesador4/Procesador4/sumador.vhd" sub00/vhpl03 1508864453
AR npc behavioral "C:/Documents and Settings/Administrador/Mis documentos/Arquitectura/procesador4/Procesador4/nPC.vhd" sub00/vhpl05 1508864455
EN procesador NULL "C:/Documents and Settings/Administrador/Mis documentos/Arquitectura/procesador4/Procesador4/Procesador.vhd" sub00/vhpl24 1508864476
EN rf NULL "C:/Documents and Settings/Administrador/Mis documentos/Arquitectura/procesador4/Procesador4/RF.vhd" sub00/vhpl12 1508864464
EN uc NULL "C:/Documents and Settings/Administrador/Mis documentos/Arquitectura/procesador4/Procesador4/UC.vhd" sub00/vhpl08 1508864460
AR psr_mod behavioral "C:/Documents and Settings/Administrador/Mis documentos/Arquitectura/procesador4/Procesador4/PSR_Mod.vhd" sub00/vhpl21 1508864473
EN psr_mod NULL "C:/Documents and Settings/Administrador/Mis documentos/Arquitectura/procesador4/Procesador4/PSR_Mod.vhd" sub00/vhpl20 1508864472
EN wm NULL "C:/Documents and Settings/Administrador/Mis documentos/Arquitectura/procesador4/Procesador4/WM.vhd" sub00/vhpl14 1508864466
EN npc NULL "C:/Documents and Settings/Administrador/Mis documentos/Arquitectura/procesador4/Procesador4/nPC.vhd" sub00/vhpl04 1508864454
AR psr behavioral "C:/Documents and Settings/Administrador/Mis documentos/Arquitectura/procesador4/Procesador4/PSR.vhd" sub00/vhpl23 1508864475
EN mux NULL "C:/Documents and Settings/Administrador/Mis documentos/Arquitectura/procesador4/Procesador4/MUX.vhd" sub00/vhpl16 1508864468
EN sumador NULL "C:/Documents and Settings/Administrador/Mis documentos/Arquitectura/procesador4/Procesador4/sumador.vhd" sub00/vhpl02 1508864452
AR seu behavioral "C:/Documents and Settings/Administrador/Mis documentos/Arquitectura/procesador4/Procesador4/SEU.vhd" sub00/vhpl11 1508864463
AR pc behavioral "C:/Documents and Settings/Administrador/Mis documentos/Arquitectura/procesador4/Procesador4/PC.vhd" sub00/vhpl01 1508864457
EN alu NULL "C:/Documents and Settings/Administrador/Mis documentos/Arquitectura/procesador4/Procesador4/ALU.vhd" sub00/vhpl18 1508864470
AR procesador behavioral "C:/Documents and Settings/Administrador/Mis documentos/Arquitectura/procesador4/Procesador4/Procesador.vhd" sub00/vhpl25 1508864477
